// Jest Snapshot v1, https://goo.gl/fbAQLP

exports[`Header Component matches a snapshot 1`] = `
<dl>
  <dt>
    Name
  </dt>
  <dd />
  <dt>
    Age
  </dt>
  <dd />
  <dt>
    Weight
  </dt>
  <dd>
    unknown
  </dd>
</dl>
`;
