// Jest Snapshot v1, https://goo.gl/fbAQLP

exports[`Header Component matches a snapshot 1`] = `
<Fragment>
  <img
    src="https://is1-ssl.mzstatic.com/image/thumb/Purple122/v4/b4/9c/d2/b49cd2e1-7216-0aa5-12a1-f87c681f1c75/source/256x256bb.jpg"
  />
  <h1>
    My Cool Dog
  </h1>
</Fragment>
`;
